../Core/Src/main.c:71:5:main	192	static
../Core/Src/main.c:130:6:SystemClock_Config	88	static
../Core/Src/main.c:153:13:MX_GPIO_Init	48	static
../Core/Src/main.c:178:13:MX_DMA_Init	16	static
../Core/Src/main.c:210:13:MX_ADC1_Init	24	static
../Core/Src/main.c:234:13:MX_CAN1_Init	8	static
../Core/Src/main.c:257:13:MX_I2C1_Init	8	static
../Core/Src/main.c:276:13:MX_I2C2_Init	8	static
../Core/Src/main.c:293:13:MX_SPI1_Init	8	static
../Core/Src/main.c:313:13:MX_SPI2_Init	8	static
../Core/Src/main.c:333:13:MX_UART4_Init	8	static
../Core/Src/main.c:352:6:Error_Handler	4	static,ignoring_inline_asm
